// Jest Snapshot v1, https://goo.gl/fbAQLP

exports[`ASelect initialized snapshot 1`] = `
<div
  class="aSelect"
>
  <select
    class="aSelect__input"
    style="--width: auto;"
  >
    <option
      value=""
    >
      選択してください
    </option>
     
    <option
      value="1"
    >
      1
    </option>
    <option
      value="2"
    >
      2
    </option>
    <option
      value="3"
    >
      3
    </option>
  </select>
</div>
`;
